// Validating benchmarks:
// ***** BenchmarkRunner: Start   *****
// ***** Found 8 benchmark(s) in total *****
// ***** Building 1 exe(s) in Parallel: Start   *****
// start dotnet restore "C:\Users\ALMASRIA4COMP\RiderProjects\Omar-Fathi-Dev-Assignment-4\AcademyScheduleAnalyzer\AcademyScheduleAnalyzer\bin\Release\net10.0\AcademyScheduleAnalyzer-DefaultJob-1\DllGatherer.csproj" --nodeReuse:false /p:UseSharedCompilation=false /p:Deterministic=true /p:Optimize=true /p:ArtifactsPath="C:\Users\ALMASRIA4COMP\RiderProjects\Omar-Fathi-Dev-Assignment-4\AcademyScheduleAnalyzer\AcademyScheduleAnalyzer\bin\Release\net10.0\AcademyScheduleAnalyzer-DefaultJob-1/.artifacts/" /p:OutDir="C:\Users\ALMASRIA4COMP\RiderProjects\Omar-Fathi-Dev-Assignment-4\AcademyScheduleAnalyzer\AcademyScheduleAnalyzer\bin\Release\net10.0\AcademyScheduleAnalyzer-DefaultJob-1\bin\Release\net10.0/" /p:OutputPath="C:\Users\ALMASRIA4COMP\RiderProjects\Omar-Fathi-Dev-Assignment-4\AcademyScheduleAnalyzer\AcademyScheduleAnalyzer\bin\Release\net10.0\AcademyScheduleAnalyzer-DefaultJob-1\bin\Release\net10.0/" /p:PublishDir="C:\Users\ALMASRIA4COMP\RiderProjects\Omar-Fathi-Dev-Assignment-4\AcademyScheduleAnalyzer\AcademyScheduleAnalyzer\bin\Release\net10.0\AcademyScheduleAnalyzer-DefaultJob-1\publish/" in C:\Users\ALMASRIA4COMP\RiderProjects\Omar-Fathi-Dev-Assignment-4\AcademyScheduleAnalyzer\AcademyScheduleAnalyzer\bin\Release\net10.0\AcademyScheduleAnalyzer-DefaultJob-1
// command took 3.24 sec and exited with 0
// start dotnet build "C:\Users\ALMASRIA4COMP\RiderProjects\Omar-Fathi-Dev-Assignment-4\AcademyScheduleAnalyzer\AcademyScheduleAnalyzer\bin\Release\net10.0\AcademyScheduleAnalyzer-DefaultJob-1\DllGatherer.csproj" -f net10.0 -c Release --no-restore --nodeReuse:false /p:UseSharedCompilation=false /p:Deterministic=true /p:Optimize=true /p:ArtifactsPath="C:\Users\ALMASRIA4COMP\RiderProjects\Omar-Fathi-Dev-Assignment-4\AcademyScheduleAnalyzer\AcademyScheduleAnalyzer\bin\Release\net10.0\AcademyScheduleAnalyzer-DefaultJob-1/.artifacts/" /p:OutDir="C:\Users\ALMASRIA4COMP\RiderProjects\Omar-Fathi-Dev-Assignment-4\AcademyScheduleAnalyzer\AcademyScheduleAnalyzer\bin\Release\net10.0\AcademyScheduleAnalyzer-DefaultJob-1\bin\Release\net10.0/" /p:OutputPath="C:\Users\ALMASRIA4COMP\RiderProjects\Omar-Fathi-Dev-Assignment-4\AcademyScheduleAnalyzer\AcademyScheduleAnalyzer\bin\Release\net10.0\AcademyScheduleAnalyzer-DefaultJob-1\bin\Release\net10.0/" /p:PublishDir="C:\Users\ALMASRIA4COMP\RiderProjects\Omar-Fathi-Dev-Assignment-4\AcademyScheduleAnalyzer\AcademyScheduleAnalyzer\bin\Release\net10.0\AcademyScheduleAnalyzer-DefaultJob-1\publish/" --output "C:\Users\ALMASRIA4COMP\RiderProjects\Omar-Fathi-Dev-Assignment-4\AcademyScheduleAnalyzer\AcademyScheduleAnalyzer\bin\Release\net10.0\AcademyScheduleAnalyzer-DefaultJob-1\bin\Release\net10.0/" in C:\Users\ALMASRIA4COMP\RiderProjects\Omar-Fathi-Dev-Assignment-4\AcademyScheduleAnalyzer\AcademyScheduleAnalyzer\bin\Release\net10.0\AcademyScheduleAnalyzer-DefaultJob-1
// command took 16.56 sec and exited with 0
// start dotnet restore "C:\Users\ALMASRIA4COMP\RiderProjects\Omar-Fathi-Dev-Assignment-4\AcademyScheduleAnalyzer\AcademyScheduleAnalyzer\bin\Release\net10.0\AcademyScheduleAnalyzer-DefaultJob-1\BenchmarkDotNet.Autogenerated.csproj" --nodeReuse:false /p:UseSharedCompilation=false /p:Deterministic=true /p:Optimize=true /p:ArtifactsPath="C:\Users\ALMASRIA4COMP\RiderProjects\Omar-Fathi-Dev-Assignment-4\AcademyScheduleAnalyzer\AcademyScheduleAnalyzer\bin\Release\net10.0\AcademyScheduleAnalyzer-DefaultJob-1/.artifacts/" /p:OutDir="C:\Users\ALMASRIA4COMP\RiderProjects\Omar-Fathi-Dev-Assignment-4\AcademyScheduleAnalyzer\AcademyScheduleAnalyzer\bin\Release\net10.0\AcademyScheduleAnalyzer-DefaultJob-1\bin\Release\net10.0/" /p:OutputPath="C:\Users\ALMASRIA4COMP\RiderProjects\Omar-Fathi-Dev-Assignment-4\AcademyScheduleAnalyzer\AcademyScheduleAnalyzer\bin\Release\net10.0\AcademyScheduleAnalyzer-DefaultJob-1\bin\Release\net10.0/" /p:PublishDir="C:\Users\ALMASRIA4COMP\RiderProjects\Omar-Fathi-Dev-Assignment-4\AcademyScheduleAnalyzer\AcademyScheduleAnalyzer\bin\Release\net10.0\AcademyScheduleAnalyzer-DefaultJob-1\publish/" in C:\Users\ALMASRIA4COMP\RiderProjects\Omar-Fathi-Dev-Assignment-4\AcademyScheduleAnalyzer\AcademyScheduleAnalyzer\bin\Release\net10.0\AcademyScheduleAnalyzer-DefaultJob-1
// command took 3.01 sec and exited with 0
// start dotnet build "C:\Users\ALMASRIA4COMP\RiderProjects\Omar-Fathi-Dev-Assignment-4\AcademyScheduleAnalyzer\AcademyScheduleAnalyzer\bin\Release\net10.0\AcademyScheduleAnalyzer-DefaultJob-1\BenchmarkDotNet.Autogenerated.csproj" -f net10.0 -c Release --no-restore --nodeReuse:false /p:UseSharedCompilation=false /p:Deterministic=true /p:Optimize=true /p:ArtifactsPath="C:\Users\ALMASRIA4COMP\RiderProjects\Omar-Fathi-Dev-Assignment-4\AcademyScheduleAnalyzer\AcademyScheduleAnalyzer\bin\Release\net10.0\AcademyScheduleAnalyzer-DefaultJob-1/.artifacts/" /p:OutDir="C:\Users\ALMASRIA4COMP\RiderProjects\Omar-Fathi-Dev-Assignment-4\AcademyScheduleAnalyzer\AcademyScheduleAnalyzer\bin\Release\net10.0\AcademyScheduleAnalyzer-DefaultJob-1\bin\Release\net10.0/" /p:OutputPath="C:\Users\ALMASRIA4COMP\RiderProjects\Omar-Fathi-Dev-Assignment-4\AcademyScheduleAnalyzer\AcademyScheduleAnalyzer\bin\Release\net10.0\AcademyScheduleAnalyzer-DefaultJob-1\bin\Release\net10.0/" /p:PublishDir="C:\Users\ALMASRIA4COMP\RiderProjects\Omar-Fathi-Dev-Assignment-4\AcademyScheduleAnalyzer\AcademyScheduleAnalyzer\bin\Release\net10.0\AcademyScheduleAnalyzer-DefaultJob-1\publish/" --output "C:\Users\ALMASRIA4COMP\RiderProjects\Omar-Fathi-Dev-Assignment-4\AcademyScheduleAnalyzer\AcademyScheduleAnalyzer\bin\Release\net10.0\AcademyScheduleAnalyzer-DefaultJob-1\bin\Release\net10.0/" in C:\Users\ALMASRIA4COMP\RiderProjects\Omar-Fathi-Dev-Assignment-4\AcademyScheduleAnalyzer\AcademyScheduleAnalyzer\bin\Release\net10.0\AcademyScheduleAnalyzer-DefaultJob-1
// command took 21.35 sec and exited with 1
// ***** Done, took 00:00:44 (44.45 sec)   *****
// Found 8 benchmarks:
//   ScheduleBenchmark.StringConcatenation: DefaultJob [Iterations=100]
//   ScheduleBenchmark.StringBuilderConcatenation: DefaultJob [Iterations=100]
//   ScheduleBenchmark.StringConcatenation: DefaultJob [Iterations=1000]
//   ScheduleBenchmark.StringBuilderConcatenation: DefaultJob [Iterations=1000]
//   ScheduleBenchmark.StringConcatenation: DefaultJob [Iterations=10000]
//   ScheduleBenchmark.StringBuilderConcatenation: DefaultJob [Iterations=10000]
//   ScheduleBenchmark.StringConcatenation: DefaultJob [Iterations=100000]
//   ScheduleBenchmark.StringBuilderConcatenation: DefaultJob [Iterations=100000]

Setup power plan (GUID: 8c5e7fda-e8bf-4a96-9a85-a6e23a8c635c FriendlyName: High performance)
// Build Error: Standard output: 
  
 Standard error: 
   AcademyScheduleAnalyzer -> C:\Users\ALMASRIA4COMP\RiderProjects\Omar-Fathi-Dev-Assignment-4\AcademyScheduleAnalyzer\AcademyScheduleAnalyzer\bin\Release\net10.0\AcademyScheduleAnalyzer-DefaultJob-1\bin\Release\net10.0\AcademyScheduleAnalyzer.dll
C:\Program Files\dotnet\sdk\10.0.401\Microsoft.Common.CurrentVersion.targets(5455,5): error MSB3030: Could not copy the file "C:\Users\ALMASRIA4COMP\RiderProjects\Omar-Fathi-Dev-Assignment-4\AcademyScheduleAnalyzer\AcademyScheduleAnalyzer\bin\Release\net10.0\AcademyScheduleAnalyzer-DefaultJob-1\.artifacts\obj\BenchmarkDotNet.Autogenerated\release_net10.0\apphost.exe" because it was not found. [C:\Users\ALMASRIA4COMP\RiderProjects\Omar-Fathi-Dev-Assignment-4\AcademyScheduleAnalyzer\AcademyScheduleAnalyzer\bin\Release\net10.0\AcademyScheduleAnalyzer-DefaultJob-1\BenchmarkDotNet.Autogenerated.csproj::TargetFramework=net10.0]
Build FAILED.
C:\Program Files\dotnet\sdk\10.0.401\Microsoft.Common.CurrentVersion.targets(5455,5): error MSB3030: Could not copy the file "C:\Users\ALMASRIA4COMP\RiderProjects\Omar-Fathi-Dev-Assignment-4\AcademyScheduleAnalyzer\AcademyScheduleAnalyzer\bin\Release\net10.0\AcademyScheduleAnalyzer-DefaultJob-1\.artifacts\obj\BenchmarkDotNet.Autogenerated\release_net10.0\apphost.exe" because it was not found. [C:\Users\ALMASRIA4COMP\RiderProjects\Omar-Fathi-Dev-Assignment-4\AcademyScheduleAnalyzer\AcademyScheduleAnalyzer\bin\Release\net10.0\AcademyScheduleAnalyzer-DefaultJob-1\BenchmarkDotNet.Autogenerated.csproj::TargetFramework=net10.0]
    0 Warning(s)
    1 Error(s)
Time Elapsed 00:00:19.19

// BenchmarkDotNet has failed to build the auto-generated boilerplate code.
// Re-run benchmark with --keepFiles option to confirm auto-generated project files.
// Please follow the troubleshooting guide: https://benchmarkdotnet.org/articles/guides/troubleshooting.html

// ** Remained 0 (0.0%) benchmark(s) to run. Estimated finish 2026-09-22 0:44 (0h 0m from now) **
Successfully reverted power plan (GUID: 381b4222-f694-41f0-9685-ff5bb260df2e FriendlyName: Balanced)
// ***** BenchmarkRunner: Finish  *****

// * Export *
  BenchmarkDotNet.Artifacts\results\AcademyScheduleAnalyzer.ScheduleBenchmark-report.csv
  BenchmarkDotNet.Artifacts\results\AcademyScheduleAnalyzer.ScheduleBenchmark-report-github.md
  BenchmarkDotNet.Artifacts\results\AcademyScheduleAnalyzer.ScheduleBenchmark-report.html

// * Detailed results *
ScheduleBenchmark.StringConcatenation: DefaultJob [Iterations=100]
Runtime = ; GC = 
There are not any results runs

// * Summary *

BenchmarkDotNet v0.16.0-preview.1, Windows 10 (10.0.19045.6466/22H2/2022Update)
Intel Core i5-4200M CPU 2.50GHz (Haswell), 1 CPU, 4 logical and 2 physical cores
Memory: 7.91 GB Total, 0.66 GB Available
.NET SDK 10.0.401
  [Host] : .NET 10.0.12 (10.0.12, 10.0.1226.42308), X64 RyuJIT x86-64-v3


| Method              | Iterations | Mean | Error |
|-------------------- |----------- |-----:|------:|
| StringConcatenation | 100        |   NA |    NA |

Benchmarks with issues:
  ScheduleBenchmark.StringConcatenation: DefaultJob [Iterations=100]

// * Legends *
  Iterations : Value of the 'Iterations' parameter
  Mean       : Arithmetic mean of all measurements
  Error      : Half of 99.9% confidence interval
  1 ns       : 1 Nanosecond (0.000000001 sec)

// * Diagnostic Output - MemoryDiagnoser *


// ***** BenchmarkRunner: End *****
Run time: 00:00:00 (0.18 sec), executed benchmarks: 0

Global total time: 00:00:46 (46.19 sec), executed benchmarks: 0
// * Artifacts cleanup *
Artifacts cleanup is finished
